// Jest Snapshot v1, https://goo.gl/fbAQLP

exports[`Footer component tests should render footer component correctly 1`] = `ShallowWrapper {}`;
