// Jest Snapshot v1, https://goo.gl/fbAQLP

exports[`Login component should render login page correctly 1`] = `ShallowWrapper {}`;
