// Jest Snapshot v1, https://goo.gl/fbAQLP

exports[`Sleep entry list component should render entry list correctly 1`] = `ShallowWrapper {}`;
