// Jest Snapshot v1, https://goo.gl/fbAQLP

exports[`test action creators should dispatch correct logout action 1`] = `
Array [
  Object {
    "type": "LOGOUT",
  },
]
`;
